// Jest Snapshot v1, https://goo.gl/fbAQLP

exports[`Header should match snapshot 1`] = `
<div>
  <header
    class="MuiPaper-root MuiAppBar-root MuiAppBar-positionStatic makeStyles-appBar-1 MuiAppBar-colorPrimary MuiPaper-elevation4"
  >
    <div
      class="MuiToolbar-root MuiToolbar-regular MuiToolbar-gutters"
    >
      <a
        aria-disabled="false"
        class="MuiButtonBase-root MuiIconButton-root makeStyles-icon-3 MuiIconButton-colorInherit"
        href="/"
        role="button"
        tabindex="0"
      >
        <span
          class="MuiIconButton-label"
        >
          <span
            aria-hidden="true"
            class="material-icons MuiIcon-root"
          >
            home
          </span>
        </span>
        <span
          class="MuiTouchRipple-root"
        />
      </a>
      <h6
        class="MuiTypography-root makeStyles-title-2 MuiTypography-h6 MuiTypography-colorInherit"
      >
        Matcha
      </h6>
    </div>
  </header>
</div>
`;
