// Jest Snapshot v1, https://goo.gl/fbAQLP

exports[`Verify should match snapshot 1`] = `<div />`;
