// Jest Snapshot v1, https://goo.gl/fbAQLP

exports[`Register should match snapshot 1`] = `
<div>
  <div
    class="MuiPaper-root makeStyles-paper-3 MuiPaper-elevation1 MuiPaper-rounded"
    style="opacity: 1; transform: scale(1, 1); transition: opacity 200ms cubic-bezier(0.4, 0, 0.2, 1) 0ms,transform 133ms cubic-bezier(0.4, 0, 0.2, 1) 0ms;"
  >
    <div
      class="MuiAvatar-root MuiAvatar-circle makeStyles-avatar-2 MuiAvatar-colorDefault"
    >
      <svg
        aria-hidden="true"
        class="MuiSvgIcon-root"
        focusable="false"
        viewBox="0 0 24 24"
      >
        <path
          d="M18 8h-1V6c0-2.76-2.24-5-5-5S7 3.24 7 6v2H6c-1.1 0-2 .9-2 2v10c0 1.1.9 2 2 2h12c1.1 0 2-.9 2-2V10c0-1.1-.9-2-2-2zM9 6c0-1.66 1.34-3 3-3s3 1.34 3 3v2H9V6zm9 14H6V10h12v10zm-6-3c1.1 0 2-.9 2-2s-.9-2-2-2-2 .9-2 2 .9 2 2 2z"
        />
      </svg>
    </div>
    <h6
      class="MuiTypography-root MuiTypography-h6"
    >
      Register
    </h6>
    <div
      class="MuiBox-root MuiBox-root-6"
    />
    <form
      style="width: 100%;"
    >
      <div
        class="MuiGrid-root MuiGrid-container MuiGrid-spacing-xs-2 MuiGrid-direction-xs-column"
      >
        <div
          class="MuiGrid-root MuiGrid-item"
        >
          <div
            class="MuiFormControl-root MuiTextField-root MuiFormControl-fullWidth"
          >
            <label
              class="MuiFormLabel-root MuiInputLabel-root MuiInputLabel-formControl MuiInputLabel-animated MuiInputLabel-shrink MuiInputLabel-outlined"
              data-shrink="true"
            >
              Username
            </label>
            <div
              class="MuiInputBase-root MuiOutlinedInput-root MuiInputBase-fullWidth MuiInputBase-formControl MuiInputBase-adornedStart MuiOutlinedInput-adornedStart"
            >
              <div
                class="MuiBox-root MuiBox-root-8 makeStyles-icon-7"
              >
                <svg
                  aria-hidden="true"
                  class="MuiSvgIcon-root"
                  focusable="false"
                  viewBox="0 0 24 24"
                >
                  <path
                    d="M12 2C6.48 2 2 6.48 2 12s4.48 10 10 10 10-4.48 10-10S17.52 2 12 2zm0 3c1.66 0 3 1.34 3 3s-1.34 3-3 3-3-1.34-3-3 1.34-3 3-3zm0 14.2c-2.5 0-4.71-1.28-6-3.22.03-1.99 4-3.08 6-3.08 1.99 0 5.97 1.09 6 3.08-1.29 1.94-3.5 3.22-6 3.22z"
                  />
                </svg>
              </div>
              <input
                aria-invalid="false"
                autocomplete="username"
                class="MuiInputBase-input MuiOutlinedInput-input MuiInputBase-inputAdornedStart MuiOutlinedInput-inputAdornedStart"
                name="username"
                type="text"
                value=""
              />
              <fieldset
                aria-hidden="true"
                class="PrivateNotchedOutline-root-9 MuiOutlinedInput-notchedOutline"
              >
                <legend
                  class="PrivateNotchedOutline-legendLabelled-11 PrivateNotchedOutline-legendNotched-12"
                >
                  <span>
                    Username
                  </span>
                </legend>
              </fieldset>
            </div>
          </div>
        </div>
        <div
          class="MuiGrid-root MuiGrid-item"
        >
          <div
            class="MuiFormControl-root MuiTextField-root MuiFormControl-fullWidth"
          >
            <label
              class="MuiFormLabel-root MuiInputLabel-root MuiInputLabel-formControl MuiInputLabel-animated MuiInputLabel-shrink MuiInputLabel-outlined"
              data-shrink="true"
            >
              Password
            </label>
            <div
              class="MuiInputBase-root MuiOutlinedInput-root MuiInputBase-fullWidth MuiInputBase-formControl MuiInputBase-adornedStart MuiOutlinedInput-adornedStart MuiInputBase-adornedEnd MuiOutlinedInput-adornedEnd"
            >
              <div
                class="MuiBox-root MuiBox-root-13 makeStyles-icon-7"
              >
                <svg
                  aria-hidden="true"
                  class="MuiSvgIcon-root"
                  focusable="false"
                  viewBox="0 0 24 24"
                >
                  <path
                    d="M12.65 10C11.83 7.67 9.61 6 7 6c-3.31 0-6 2.69-6 6s2.69 6 6 6c2.61 0 4.83-1.67 5.65-4H17v4h4v-4h2v-4H12.65zM7 14c-1.1 0-2-.9-2-2s.9-2 2-2 2 .9 2 2-.9 2-2 2z"
                  />
                </svg>
              </div>
              <input
                aria-invalid="false"
                autocomplete="password"
                class="MuiInputBase-input MuiOutlinedInput-input MuiInputBase-inputAdornedStart MuiOutlinedInput-inputAdornedStart MuiInputBase-inputAdornedEnd MuiOutlinedInput-inputAdornedEnd"
                name="password"
                type="password"
                value=""
              />
              <button
                class="MuiButtonBase-root MuiIconButton-root MuiIconButton-edgeEnd"
                tabindex="0"
                type="button"
              >
                <span
                  class="MuiIconButton-label"
                >
                  <svg
                    aria-hidden="true"
                    class="MuiSvgIcon-root"
                    focusable="false"
                    viewBox="0 0 24 24"
                  >
                    <path
                      d="M12 7c2.76 0 5 2.24 5 5 0 .65-.13 1.26-.36 1.83l2.92 2.92c1.51-1.26 2.7-2.89 3.43-4.75-1.73-4.39-6-7.5-11-7.5-1.4 0-2.74.25-3.98.7l2.16 2.16C10.74 7.13 11.35 7 12 7zM2 4.27l2.28 2.28.46.46C3.08 8.3 1.78 10.02 1 12c1.73 4.39 6 7.5 11 7.5 1.55 0 3.03-.3 4.38-.84l.42.42L19.73 22 21 20.73 3.27 3 2 4.27zM7.53 9.8l1.55 1.55c-.05.21-.08.43-.08.65 0 1.66 1.34 3 3 3 .22 0 .44-.03.65-.08l1.55 1.55c-.67.33-1.41.53-2.2.53-2.76 0-5-2.24-5-5 0-.79.2-1.53.53-2.2zm4.31-.78l3.15 3.15.02-.16c0-1.66-1.34-3-3-3l-.17.01z"
                    />
                  </svg>
                </span>
                <span
                  class="MuiTouchRipple-root"
                />
              </button>
              <fieldset
                aria-hidden="true"
                class="PrivateNotchedOutline-root-9 MuiOutlinedInput-notchedOutline"
              >
                <legend
                  class="PrivateNotchedOutline-legendLabelled-11 PrivateNotchedOutline-legendNotched-12"
                >
                  <span>
                    Password
                  </span>
                </legend>
              </fieldset>
            </div>
          </div>
        </div>
        <div
          class="MuiGrid-root MuiGrid-item"
        >
          <div
            class="MuiFormControl-root MuiTextField-root MuiFormControl-fullWidth"
          >
            <label
              class="MuiFormLabel-root MuiInputLabel-root MuiInputLabel-formControl MuiInputLabel-animated MuiInputLabel-shrink MuiInputLabel-outlined"
              data-shrink="true"
            >
              Email
            </label>
            <div
              class="MuiInputBase-root MuiOutlinedInput-root MuiInputBase-fullWidth MuiInputBase-formControl MuiInputBase-adornedStart MuiOutlinedInput-adornedStart"
            >
              <div
                class="MuiBox-root MuiBox-root-14 makeStyles-icon-7"
              >
                <svg
                  aria-hidden="true"
                  class="MuiSvgIcon-root"
                  focusable="false"
                  viewBox="0 0 24 24"
                >
                  <path
                    d="M12 2C6.48 2 2 6.48 2 12s4.48 10 10 10h5v-2h-5c-4.34 0-8-3.66-8-8s3.66-8 8-8 8 3.66 8 8v1.43c0 .79-.71 1.57-1.5 1.57s-1.5-.78-1.5-1.57V12c0-2.76-2.24-5-5-5s-5 2.24-5 5 2.24 5 5 5c1.38 0 2.64-.56 3.54-1.47.65.89 1.77 1.47 2.96 1.47 1.97 0 3.5-1.6 3.5-3.57V12c0-5.52-4.48-10-10-10zm0 13c-1.66 0-3-1.34-3-3s1.34-3 3-3 3 1.34 3 3-1.34 3-3 3z"
                    fill-opacity=".9"
                  />
                </svg>
              </div>
              <input
                aria-invalid="false"
                class="MuiInputBase-input MuiOutlinedInput-input MuiInputBase-inputAdornedStart MuiOutlinedInput-inputAdornedStart"
                name="email"
                type="text"
                value=""
              />
              <fieldset
                aria-hidden="true"
                class="PrivateNotchedOutline-root-9 MuiOutlinedInput-notchedOutline"
              >
                <legend
                  class="PrivateNotchedOutline-legendLabelled-11 PrivateNotchedOutline-legendNotched-12"
                >
                  <span>
                    Email
                  </span>
                </legend>
              </fieldset>
            </div>
          </div>
        </div>
        <div
          class="MuiGrid-root MuiGrid-item"
        >
          <div
            class="MuiFormControl-root MuiTextField-root MuiFormControl-fullWidth"
          >
            <label
              class="MuiFormLabel-root MuiInputLabel-root MuiInputLabel-formControl MuiInputLabel-animated MuiInputLabel-shrink MuiInputLabel-outlined"
              data-shrink="true"
            >
              Birth date
            </label>
            <div
              class="MuiInputBase-root MuiOutlinedInput-root MuiInputBase-fullWidth MuiInputBase-formControl MuiInputBase-adornedStart MuiOutlinedInput-adornedStart"
            >
              <div
                class="MuiBox-root MuiBox-root-15 makeStyles-icon-7"
              >
                <svg
                  aria-hidden="true"
                  class="MuiSvgIcon-root"
                  focusable="false"
                  viewBox="0 0 24 24"
                >
                  <path
                    d="M9 11H7v2h2v-2zm4 0h-2v2h2v-2zm4 0h-2v2h2v-2zm2-7h-1V2h-2v2H8V2H6v2H5c-1.11 0-1.99.9-1.99 2L3 20c0 1.1.89 2 2 2h14c1.1 0 2-.9 2-2V6c0-1.1-.9-2-2-2zm0 16H5V9h14v11z"
                  />
                </svg>
              </div>
              <input
                aria-invalid="false"
                class="MuiInputBase-input MuiOutlinedInput-input MuiInputBase-inputAdornedStart MuiOutlinedInput-inputAdornedStart"
                name="birthDate"
                type="date"
                value=""
              />
              <fieldset
                aria-hidden="true"
                class="PrivateNotchedOutline-root-9 MuiOutlinedInput-notchedOutline"
              >
                <legend
                  class="PrivateNotchedOutline-legendLabelled-11 PrivateNotchedOutline-legendNotched-12"
                >
                  <span>
                    Birth date
                  </span>
                </legend>
              </fieldset>
            </div>
          </div>
        </div>
        <div
          class="MuiGrid-root MuiGrid-item"
        >
          <div
            class="MuiFormControl-root"
          >
            <label
              class="MuiFormLabel-root"
            >
              Gender
            </label>
            <div
              class="MuiFormGroup-root MuiFormGroup-row"
              role="radiogroup"
            >
              <label
                class="MuiFormControlLabel-root"
              >
                <span
                  aria-disabled="false"
                  class="MuiButtonBase-root MuiIconButton-root PrivateSwitchBase-root-16 MuiRadio-root MuiRadio-colorPrimary MuiIconButton-colorPrimary"
                >
                  <span
                    class="MuiIconButton-label"
                  >
                    <input
                      class="PrivateSwitchBase-input-19"
                      name="gender"
                      type="radio"
                      value="male"
                    />
                    <div
                      class="PrivateRadioButtonIcon-root-20"
                    >
                      <svg
                        aria-hidden="true"
                        class="MuiSvgIcon-root"
                        focusable="false"
                        viewBox="0 0 24 24"
                      >
                        <path
                          d="M12 2C6.48 2 2 6.48 2 12s4.48 10 10 10 10-4.48 10-10S17.52 2 12 2zm0 18c-4.42 0-8-3.58-8-8s3.58-8 8-8 8 3.58 8 8-3.58 8-8 8z"
                        />
                      </svg>
                      <svg
                        aria-hidden="true"
                        class="MuiSvgIcon-root PrivateRadioButtonIcon-layer-21"
                        focusable="false"
                        viewBox="0 0 24 24"
                      >
                        <path
                          d="M8.465 8.465C9.37 7.56 10.62 7 12 7C14.76 7 17 9.24 17 12C17 13.38 16.44 14.63 15.535 15.535C14.63 16.44 13.38 17 12 17C9.24 17 7 14.76 7 12C7 10.62 7.56 9.37 8.465 8.465Z"
                        />
                      </svg>
                    </div>
                  </span>
                  <span
                    class="MuiTouchRipple-root"
                  />
                </span>
                <span
                  class="MuiTypography-root MuiFormControlLabel-label MuiTypography-body1"
                >
                  Male
                </span>
              </label>
              <label
                class="MuiFormControlLabel-root"
              >
                <span
                  aria-disabled="false"
                  class="MuiButtonBase-root MuiIconButton-root PrivateSwitchBase-root-16 MuiRadio-root MuiRadio-colorPrimary MuiIconButton-colorPrimary"
                >
                  <span
                    class="MuiIconButton-label"
                  >
                    <input
                      class="PrivateSwitchBase-input-19"
                      name="gender"
                      type="radio"
                      value="female"
                    />
                    <div
                      class="PrivateRadioButtonIcon-root-20"
                    >
                      <svg
                        aria-hidden="true"
                        class="MuiSvgIcon-root"
                        focusable="false"
                        viewBox="0 0 24 24"
                      >
                        <path
                          d="M12 2C6.48 2 2 6.48 2 12s4.48 10 10 10 10-4.48 10-10S17.52 2 12 2zm0 18c-4.42 0-8-3.58-8-8s3.58-8 8-8 8 3.58 8 8-3.58 8-8 8z"
                        />
                      </svg>
                      <svg
                        aria-hidden="true"
                        class="MuiSvgIcon-root PrivateRadioButtonIcon-layer-21"
                        focusable="false"
                        viewBox="0 0 24 24"
                      >
                        <path
                          d="M8.465 8.465C9.37 7.56 10.62 7 12 7C14.76 7 17 9.24 17 12C17 13.38 16.44 14.63 15.535 15.535C14.63 16.44 13.38 17 12 17C9.24 17 7 14.76 7 12C7 10.62 7.56 9.37 8.465 8.465Z"
                        />
                      </svg>
                    </div>
                  </span>
                  <span
                    class="MuiTouchRipple-root"
                  />
                </span>
                <span
                  class="MuiTypography-root MuiFormControlLabel-label MuiTypography-body1"
                >
                  Female
                </span>
              </label>
            </div>
          </div>
        </div>
        <div
          class="MuiGrid-root MuiGrid-item"
        >
          <div
            class="MuiFormControl-root MuiTextField-root MuiFormControl-fullWidth"
          >
            <label
              class="MuiFormLabel-root MuiInputLabel-root MuiInputLabel-formControl MuiInputLabel-animated MuiInputLabel-outlined"
              data-shrink="false"
              for="address"
              id="address-label"
            >
              Address
            </label>
            <div
              class="MuiInputBase-root MuiOutlinedInput-root MuiInputBase-fullWidth MuiInputBase-formControl MuiInputBase-adornedEnd MuiOutlinedInput-adornedEnd"
            >
              <input
                aria-invalid="false"
                class="MuiInputBase-input MuiOutlinedInput-input MuiInputBase-inputAdornedEnd MuiOutlinedInput-inputAdornedEnd"
                id="address"
                name="address.name"
                type="text"
                value=""
              />
              <button
                class="MuiButtonBase-root MuiIconButton-root MuiIconButton-edgeEnd"
                tabindex="0"
                type="button"
              >
                <span
                  class="MuiIconButton-label"
                >
                  <svg
                    aria-hidden="true"
                    class="MuiSvgIcon-root"
                    focusable="false"
                    viewBox="0 0 24 24"
                  >
                    <path
                      d="M12 8c-2.21 0-4 1.79-4 4s1.79 4 4 4 4-1.79 4-4-1.79-4-4-4zm8.94 3c-.46-4.17-3.77-7.48-7.94-7.94V1h-2v2.06C6.83 3.52 3.52 6.83 3.06 11H1v2h2.06c.46 4.17 3.77 7.48 7.94 7.94V23h2v-2.06c4.17-.46 7.48-3.77 7.94-7.94H23v-2h-2.06zM12 19c-3.87 0-7-3.13-7-7s3.13-7 7-7 7 3.13 7 7-3.13 7-7 7z"
                    />
                  </svg>
                </span>
                <span
                  class="MuiTouchRipple-root"
                />
              </button>
              <fieldset
                aria-hidden="true"
                class="PrivateNotchedOutline-root-9 MuiOutlinedInput-notchedOutline"
              >
                <legend
                  class="PrivateNotchedOutline-legendLabelled-11"
                >
                  <span>
                    Address
                  </span>
                </legend>
              </fieldset>
            </div>
          </div>
        </div>
        <div
          class="MuiGrid-root MuiGrid-item"
        >
          <button
            class="MuiButtonBase-root MuiButton-root MuiButton-contained MuiButton-containedPrimary MuiButton-containedSizeLarge MuiButton-sizeLarge Mui-disabled MuiButton-fullWidth Mui-disabled"
            disabled=""
            tabindex="-1"
            type="submit"
          >
            <span
              class="MuiButton-label"
            >
              Submit
            </span>
          </button>
        </div>
      </div>
    </form>
    <div
      class="MuiGrid-root makeStyles-mt2-1 MuiGrid-container MuiGrid-justify-xs-flex-end"
    >
      <a
        class="MuiTypography-root MuiTypography-body2"
        href="/login"
      >
        I already have an account ?
      </a>
    </div>
  </div>
</div>
`;
