// Jest Snapshot v1, https://goo.gl/fbAQLP

exports[`Snackbar should match snapshot 1`] = `
<div>
  <div
    class="MuiSnackbar-root MuiSnackbar-anchorOriginBottomLeft"
  >
    <div
      class="MuiPaper-root MuiSnackbarContent-root makeStyles-error-2 MuiPaper-elevation6"
      direction="up"
      role="alert"
      style="opacity: 1; transform: scale(1, 1); transition: opacity 225ms cubic-bezier(0.4, 0, 0.2, 1) 0ms,transform 150ms cubic-bezier(0.4, 0, 0.2, 1) 0ms;"
    >
      <div
        class="MuiSnackbarContent-message"
      >
        <p
          class="MuiTypography-root makeStyles-message-7 MuiTypography-body2"
        >
          <svg
            aria-hidden="true"
            class="MuiSvgIcon-root makeStyles-iconVariant-6"
            focusable="false"
            role="presentation"
            viewBox="0 0 24 24"
          >
            <path
              d="M12 2C6.48 2 2 6.48 2 12s4.48 10 10 10 10-4.48 10-10S17.52 2 12 2zm1 15h-2v-2h2v2zm0-4h-2V7h2v6z"
            />
          </svg>
          
        </p>
      </div>
      <div
        class="MuiSnackbarContent-action"
      >
        <button
          class="MuiButtonBase-root MuiIconButton-root MuiIconButton-colorInherit"
          tabindex="0"
          type="button"
        >
          <span
            class="MuiIconButton-label"
          >
            <svg
              aria-hidden="true"
              class="MuiSvgIcon-root"
              focusable="false"
              role="presentation"
              viewBox="0 0 24 24"
            >
              <path
                d="M19 6.41L17.59 5 12 10.59 6.41 5 5 6.41 10.59 12 5 17.59 6.41 19 12 13.41 17.59 19 19 17.59 13.41 12z"
              />
            </svg>
          </span>
          <span
            class="MuiTouchRipple-root"
          />
        </button>
      </div>
    </div>
  </div>
</div>
`;
