// Jest Snapshot v1, https://goo.gl/fbAQLP

exports[`Account should match snapshot 1`] = `
<div>
  <button
    class="MuiButtonBase-root MuiIconButton-root MuiIconButton-colorInherit"
    tabindex="0"
    type="button"
  >
    <span
      class="MuiIconButton-label"
    >
      <span
        aria-hidden="true"
        class="material-icons MuiIcon-root"
      >
        account_circle
      </span>
    </span>
    <span
      class="MuiTouchRipple-root"
    />
  </button>
</div>
`;
