// Jest Snapshot v1, https://goo.gl/fbAQLP

exports[`Loader should match snapshot 1`] = `
<div>
  <div
    class="MuiLinearProgress-root MuiLinearProgress-colorPrimary makeStyles-visibilityVisible-2 MuiLinearProgress-indeterminate"
    role="progressbar"
    thickness="8"
  >
    <div
      class="MuiLinearProgress-bar MuiLinearProgress-barColorPrimary MuiLinearProgress-bar1Indeterminate"
    />
    <div
      class="MuiLinearProgress-bar MuiLinearProgress-bar2Indeterminate MuiLinearProgress-barColorPrimary"
    />
  </div>
</div>
`;
