// Jest Snapshot v1, https://goo.gl/fbAQLP

exports[`Reset should match snapshot 1`] = `
<div>
  <div
    class="MuiGrid-root makeStyles-p3-1 MuiGrid-container MuiGrid-justify-xs-center"
  >
    <div
      class="MuiPaper-root makeStyles-paper-2 MuiPaper-elevation1 MuiPaper-rounded"
    >
      <form
        style="width: 100%;"
      >
        <div
          class="MuiGrid-root MuiGrid-container MuiGrid-spacing-xs-2 MuiGrid-direction-xs-column"
        >
          <div
            class="MuiGrid-root MuiGrid-item"
          >
            <div
              class="MuiFormControl-root MuiTextField-root MuiFormControl-fullWidth"
            >
              <label
                class="MuiFormLabel-root MuiInputLabel-root MuiInputLabel-formControl MuiInputLabel-animated MuiInputLabel-shrink MuiInputLabel-outlined"
                data-shrink="true"
              >
                New password
              </label>
              <div
                class="MuiInputBase-root MuiOutlinedInput-root MuiInputBase-fullWidth MuiInputBase-formControl MuiInputBase-adornedStart MuiOutlinedInput-adornedStart MuiInputBase-adornedEnd MuiOutlinedInput-adornedEnd"
              >
                <div
                  class="MuiBox-root MuiBox-root-4 makeStyles-icon-3"
                >
                  <svg
                    aria-hidden="true"
                    class="MuiSvgIcon-root"
                    focusable="false"
                    viewBox="0 0 24 24"
                  >
                    <path
                      d="M12.65 10C11.83 7.67 9.61 6 7 6c-3.31 0-6 2.69-6 6s2.69 6 6 6c2.61 0 4.83-1.67 5.65-4H17v4h4v-4h2v-4H12.65zM7 14c-1.1 0-2-.9-2-2s.9-2 2-2 2 .9 2 2-.9 2-2 2z"
                    />
                  </svg>
                </div>
                <input
                  aria-invalid="false"
                  autocomplete="password"
                  class="MuiInputBase-input MuiOutlinedInput-input MuiInputBase-inputAdornedStart MuiOutlinedInput-inputAdornedStart MuiInputBase-inputAdornedEnd MuiOutlinedInput-inputAdornedEnd"
                  name="password"
                  type="password"
                  value=""
                />
                <button
                  class="MuiButtonBase-root MuiIconButton-root MuiIconButton-edgeEnd"
                  tabindex="0"
                  type="button"
                >
                  <span
                    class="MuiIconButton-label"
                  >
                    <svg
                      aria-hidden="true"
                      class="MuiSvgIcon-root"
                      focusable="false"
                      viewBox="0 0 24 24"
                    >
                      <path
                        d="M12 7c2.76 0 5 2.24 5 5 0 .65-.13 1.26-.36 1.83l2.92 2.92c1.51-1.26 2.7-2.89 3.43-4.75-1.73-4.39-6-7.5-11-7.5-1.4 0-2.74.25-3.98.7l2.16 2.16C10.74 7.13 11.35 7 12 7zM2 4.27l2.28 2.28.46.46C3.08 8.3 1.78 10.02 1 12c1.73 4.39 6 7.5 11 7.5 1.55 0 3.03-.3 4.38-.84l.42.42L19.73 22 21 20.73 3.27 3 2 4.27zM7.53 9.8l1.55 1.55c-.05.21-.08.43-.08.65 0 1.66 1.34 3 3 3 .22 0 .44-.03.65-.08l1.55 1.55c-.67.33-1.41.53-2.2.53-2.76 0-5-2.24-5-5 0-.79.2-1.53.53-2.2zm4.31-.78l3.15 3.15.02-.16c0-1.66-1.34-3-3-3l-.17.01z"
                      />
                    </svg>
                  </span>
                  <span
                    class="MuiTouchRipple-root"
                  />
                </button>
                <fieldset
                  aria-hidden="true"
                  class="PrivateNotchedOutline-root-5 MuiOutlinedInput-notchedOutline"
                >
                  <legend
                    class="PrivateNotchedOutline-legendLabelled-7 PrivateNotchedOutline-legendNotched-8"
                  >
                    <span>
                      New password
                    </span>
                  </legend>
                </fieldset>
              </div>
            </div>
          </div>
          <div
            class="MuiGrid-root MuiGrid-item"
          >
            <button
              class="MuiButtonBase-root MuiButton-root MuiButton-contained MuiButton-containedPrimary MuiButton-containedSizeLarge MuiButton-sizeLarge Mui-disabled MuiButton-fullWidth Mui-disabled"
              disabled=""
              tabindex="-1"
              type="submit"
            >
              <span
                class="MuiButton-label"
              >
                Submit
              </span>
            </button>
          </div>
        </div>
      </form>
    </div>
  </div>
</div>
`;
